Archive member included to satisfy reference by file (symbol)

/usr/lib/gcc/avr/9.1.0/../../../../avr/lib/avr5/libm.a(addsf3.o)
                              obj/main.o (__subsf3)
/usr/lib/gcc/avr/9.1.0/../../../../avr/lib/avr5/libm.a(addsf3x.o)
                              /usr/lib/gcc/avr/9.1.0/../../../../avr/lib/avr5/libm.a(addsf3.o) (__addsf3x)
/usr/lib/gcc/avr/9.1.0/../../../../avr/lib/avr5/libm.a(divsf3.o)
                              obj/main.o (__divsf3)
/usr/lib/gcc/avr/9.1.0/../../../../avr/lib/avr5/libm.a(divsf3x.o)
                              /usr/lib/gcc/avr/9.1.0/../../../../avr/lib/avr5/libm.a(divsf3.o) (__divsf3x)
/usr/lib/gcc/avr/9.1.0/../../../../avr/lib/avr5/libm.a(fixsfsi.o)
                              obj/main.o (__fixsfsi)
/usr/lib/gcc/avr/9.1.0/../../../../avr/lib/avr5/libm.a(fixunssfsi.o)
                              /usr/lib/gcc/avr/9.1.0/../../../../avr/lib/avr5/libm.a(fixsfsi.o) (__fixunssfsi)
/usr/lib/gcc/avr/9.1.0/../../../../avr/lib/avr5/libm.a(floatsisf.o)
                              obj/main.o (__floatunsisf)
/usr/lib/gcc/avr/9.1.0/../../../../avr/lib/avr5/libm.a(fp_inf.o)
                              /usr/lib/gcc/avr/9.1.0/../../../../avr/lib/avr5/libm.a(addsf3x.o) (__fp_inf)
/usr/lib/gcc/avr/9.1.0/../../../../avr/lib/avr5/libm.a(fp_nan.o)
                              /usr/lib/gcc/avr/9.1.0/../../../../avr/lib/avr5/libm.a(addsf3x.o) (__fp_nan)
/usr/lib/gcc/avr/9.1.0/../../../../avr/lib/avr5/libm.a(fp_pscA.o)
                              /usr/lib/gcc/avr/9.1.0/../../../../avr/lib/avr5/libm.a(addsf3x.o) (__fp_pscA)
/usr/lib/gcc/avr/9.1.0/../../../../avr/lib/avr5/libm.a(fp_pscB.o)
                              /usr/lib/gcc/avr/9.1.0/../../../../avr/lib/avr5/libm.a(addsf3x.o) (__fp_pscB)
/usr/lib/gcc/avr/9.1.0/../../../../avr/lib/avr5/libm.a(fp_round.o)
                              /usr/lib/gcc/avr/9.1.0/../../../../avr/lib/avr5/libm.a(addsf3.o) (__fp_round)
/usr/lib/gcc/avr/9.1.0/../../../../avr/lib/avr5/libm.a(fp_split3.o)
                              /usr/lib/gcc/avr/9.1.0/../../../../avr/lib/avr5/libm.a(addsf3x.o) (__fp_split3)
/usr/lib/gcc/avr/9.1.0/../../../../avr/lib/avr5/libm.a(fp_zero.o)
                              /usr/lib/gcc/avr/9.1.0/../../../../avr/lib/avr5/libm.a(addsf3x.o) (__fp_zero)
/usr/lib/gcc/avr/9.1.0/../../../../avr/lib/avr5/libm.a(mulsf3.o)
                              obj/main.o (__mulsf3)
/usr/lib/gcc/avr/9.1.0/../../../../avr/lib/avr5/libm.a(mulsf3x.o)
                              /usr/lib/gcc/avr/9.1.0/../../../../avr/lib/avr5/libm.a(mulsf3.o) (__mulsf3x)
/usr/lib/gcc/avr/9.1.0/../../../../avr/lib/avr5/libm.a(pow.o)
                              obj/main.o (pow)
/usr/lib/gcc/avr/9.1.0/../../../../avr/lib/avr5/libm.a(exp.o)
                              /usr/lib/gcc/avr/9.1.0/../../../../avr/lib/avr5/libm.a(pow.o) (exp)
/usr/lib/gcc/avr/9.1.0/../../../../avr/lib/avr5/libm.a(fp_powser.o)
                              /usr/lib/gcc/avr/9.1.0/../../../../avr/lib/avr5/libm.a(exp.o) (__fp_powser)
/usr/lib/gcc/avr/9.1.0/../../../../avr/lib/avr5/libm.a(inverse.o)
                              /usr/lib/gcc/avr/9.1.0/../../../../avr/lib/avr5/libm.a(exp.o) (inverse)
/usr/lib/gcc/avr/9.1.0/../../../../avr/lib/avr5/libm.a(ldexp.o)
                              /usr/lib/gcc/avr/9.1.0/../../../../avr/lib/avr5/libm.a(exp.o) (ldexp)
/usr/lib/gcc/avr/9.1.0/../../../../avr/lib/avr5/libm.a(log.o)
                              /usr/lib/gcc/avr/9.1.0/../../../../avr/lib/avr5/libm.a(pow.o) (log)
/usr/lib/gcc/avr/9.1.0/../../../../avr/lib/avr5/libm.a(modf.o)
                              /usr/lib/gcc/avr/9.1.0/../../../../avr/lib/avr5/libm.a(exp.o) (modf)
/usr/lib/gcc/avr/9.1.0/../../../../avr/lib/avr5/libm.a(fp_mpack.o)
                              /usr/lib/gcc/avr/9.1.0/../../../../avr/lib/avr5/libm.a(ldexp.o) (__fp_mpack)
/usr/lib/gcc/avr/9.1.0/avr5/libgcc.a(_udivmodsi4.o)
                              obj/main.o (__udivmodsi4)
/usr/lib/gcc/avr/9.1.0/avr5/libgcc.a(_exit.o)
                              /usr/lib/gcc/avr/9.1.0/../../../../avr/lib/avr5/crtatmega328p.o (exit)
/usr/lib/gcc/avr/9.1.0/avr5/libgcc.a(_copy_data.o)
                              obj/main.o (__do_copy_data)
/usr/lib/gcc/avr/9.1.0/avr5/libgcc.a(_clear_bss.o)
                              obj/main.o (__do_clear_bss)
/usr/lib/gcc/avr/9.1.0/../../../../avr/lib/avr5/libc.a(itoa_ncheck.o)
                              obj/grn_UART.o (__itoa_ncheck)
/usr/lib/gcc/avr/9.1.0/../../../../avr/lib/avr5/libc.a(utoa_ncheck.o)
                              obj/grn_UART.o (__utoa_ncheck)
/usr/lib/gcc/avr/9.1.0/../../../../avr/lib/avr5/libc.a(iob.o)
                              obj/main.o (__iob)
/usr/lib/gcc/avr/9.1.0/../../../../avr/lib/avr5/libc.a(printf.o)
                              obj/main.o (printf)
/usr/lib/gcc/avr/9.1.0/../../../../avr/lib/avr5/libc.a(puts.o)
                              obj/ili9341gfx.o (puts)
/usr/lib/gcc/avr/9.1.0/../../../../avr/lib/avr5/libc.a(vfprintf_std.o)
                              /usr/lib/gcc/avr/9.1.0/../../../../avr/lib/avr5/libc.a(printf.o) (vfprintf)
/usr/lib/gcc/avr/9.1.0/../../../../avr/lib/avr5/libc.a(strnlen_P.o)
                              /usr/lib/gcc/avr/9.1.0/../../../../avr/lib/avr5/libc.a(vfprintf_std.o) (strnlen_P)
/usr/lib/gcc/avr/9.1.0/../../../../avr/lib/avr5/libc.a(strnlen.o)
                              /usr/lib/gcc/avr/9.1.0/../../../../avr/lib/avr5/libc.a(vfprintf_std.o) (strnlen)
/usr/lib/gcc/avr/9.1.0/../../../../avr/lib/avr5/libc.a(strrev.o)
                              /usr/lib/gcc/avr/9.1.0/../../../../avr/lib/avr5/libc.a(utoa_ncheck.o) (strrev)
/usr/lib/gcc/avr/9.1.0/../../../../avr/lib/avr5/libc.a(fputc.o)
                              /usr/lib/gcc/avr/9.1.0/../../../../avr/lib/avr5/libc.a(vfprintf_std.o) (fputc)
/usr/lib/gcc/avr/9.1.0/../../../../avr/lib/avr5/libc.a(ultoa_invert.o)
                              /usr/lib/gcc/avr/9.1.0/../../../../avr/lib/avr5/libc.a(vfprintf_std.o) (__ultoa_invert)
/usr/lib/gcc/avr/9.1.0/avr5/libgcc.a(_prologue.o)
                              /usr/lib/gcc/avr/9.1.0/../../../../avr/lib/avr5/libc.a(printf.o) (__prologue_saves__)
/usr/lib/gcc/avr/9.1.0/avr5/libgcc.a(_epilogue.o)
                              /usr/lib/gcc/avr/9.1.0/../../../../avr/lib/avr5/libc.a(printf.o) (__epilogue_restores__)

Allocating common symbols
Common symbol       size              file

pres_ovs            0x1               obj/main.o
m_C01               0x2               obj/main.o
qnh                 0x4               obj/main.o
xpos                0x1               obj/main.o
m_C10               0x4               obj/main.o
textbgcolour        0x2               obj/ili9341gfx.o
x                   0x1               obj/main.o
Temperature         0x2               obj/main.o
cursor_y            0x2               obj/ili9341gfx.o
bit                 0x1               obj/main.o
iactualx            0x2               obj/ili9341gfx.o
log_pos             0x2               obj/main.o
ms                  0x1               obj/main.o
rdy                 0x1               obj/main.o
m_C30               0x2               obj/main.o
m_C0                0x2               obj/main.o
iactualy            0x2               obj/ili9341gfx.o
m_C11               0x2               obj/main.o
vactualx            0x2               obj/ili9341gfx.o
state               0x1               obj/main.o
isetx               0x2               obj/ili9341gfx.o
posx                0x2               obj/main.o
vsety               0x2               obj/ili9341gfx.o
m_C20               0x2               obj/main.o
ms10                0x1               obj/main.o
xx                  0x2               obj/main.o
var_x               0x2               obj/main.o
vsetx               0x2               obj/ili9341gfx.o
temp_ovs            0x1               obj/main.o
m_C00               0x4               obj/main.o
altitude            0x4               obj/main.o
m_C21               0x2               obj/main.o
entprell            0x1               obj/main.o
COLOR               0x2               obj/main.o
vactualy            0x2               obj/ili9341gfx.o
posy                0x2               obj/main.o
min                 0x1               obj/main.o
color               0x2               obj/main.o
yy                  0x2               obj/main.o
m_C1                0x2               obj/main.o
ms100               0x1               obj/main.o
sec                 0x1               obj/main.o
result              0x1               obj/main.o
error               0x1               obj/main.o
zell                0x2               obj/main.o
textcolour          0x2               obj/ili9341gfx.o
cursor_x            0x2               obj/ili9341gfx.o
textsize            0x1               obj/ili9341gfx.o
Pressure            0x4               obj/main.o
__iob               0x6               /usr/lib/gcc/avr/9.1.0/../../../../avr/lib/avr5/libc.a(iob.o)
isety               0x2               obj/ili9341gfx.o
value               0x1               obj/main.o

Memory Configuration

Name             Origin             Length             Attributes
text             0x0000000000000000 0x0000000000020000 xr
data             0x0000000000800060 0x000000000000ffa0 rw !x
eeprom           0x0000000000810000 0x0000000000010000 rw !x
fuse             0x0000000000820000 0x0000000000000400 rw !x
lock             0x0000000000830000 0x0000000000000400 rw !x
signature        0x0000000000840000 0x0000000000000400 rw !x
user_signatures  0x0000000000850000 0x0000000000000400 rw !x
*default*        0x0000000000000000 0xffffffffffffffff

Linker script and memory map

Address of section .data set to 0x800100
LOAD /usr/lib/gcc/avr/9.1.0/../../../../avr/lib/avr5/crtatmega328p.o
LOAD obj/main.o
LOAD obj/ili9341.o
LOAD obj/ili9341gfx.o
LOAD obj/grn_UART.o
LOAD obj/grn_TWI.o
LOAD /usr/lib/gcc/avr/9.1.0/../../../../avr/lib/avr5/libm.a
START GROUP
LOAD /usr/lib/gcc/avr/9.1.0/avr5/libgcc.a
LOAD /usr/lib/gcc/avr/9.1.0/../../../../avr/lib/avr5/libm.a
LOAD /usr/lib/gcc/avr/9.1.0/../../../../avr/lib/avr5/libc.a
LOAD /usr/lib/gcc/avr/9.1.0/../../../../avr/lib/avr5/libatmega328p.a
END GROUP
                0x0000000000020000                __TEXT_REGION_LENGTH__ = DEFINED (__TEXT_REGION_LENGTH__)?__TEXT_REGION_LENGTH__:0x20000
                0x000000000000ffa0                __DATA_REGION_LENGTH__ = DEFINED (__DATA_REGION_LENGTH__)?__DATA_REGION_LENGTH__:0xffa0
                0x0000000000010000                __EEPROM_REGION_LENGTH__ = DEFINED (__EEPROM_REGION_LENGTH__)?__EEPROM_REGION_LENGTH__:0x10000
                0x0000000000000400                __FUSE_REGION_LENGTH__ = DEFINED (__FUSE_REGION_LENGTH__)?__FUSE_REGION_LENGTH__:0x400
                0x0000000000000400                __LOCK_REGION_LENGTH__ = DEFINED (__LOCK_REGION_LENGTH__)?__LOCK_REGION_LENGTH__:0x400
                0x0000000000000400                __SIGNATURE_REGION_LENGTH__ = DEFINED (__SIGNATURE_REGION_LENGTH__)?__SIGNATURE_REGION_LENGTH__:0x400
                0x0000000000000400                __USER_SIGNATURE_REGION_LENGTH__ = DEFINED (__USER_SIGNATURE_REGION_LENGTH__)?__USER_SIGNATURE_REGION_LENGTH__:0x400

.hash
 *(.hash)

.dynsym
 *(.dynsym)

.dynstr
 *(.dynstr)

.gnu.version
 *(.gnu.version)

.gnu.version_d
 *(.gnu.version_d)

.gnu.version_r
 *(.gnu.version_r)

.rel.init
 *(.rel.init)

.rela.init
 *(.rela.init)

.rel.text
 *(.rel.text)
 *(.rel.text.*)
 *(.rel.gnu.linkonce.t*)

.rela.text
 *(.rela.text)
 *(.rela.text.*)
 *(.rela.gnu.linkonce.t*)

.rel.fini
 *(.rel.fini)

.rela.fini
 *(.rela.fini)

.rel.rodata
 *(.rel.rodata)
 *(.rel.rodata.*)
 *(.rel.gnu.linkonce.r*)

.rela.rodata
 *(.rela.rodata)
 *(.rela.rodata.*)
 *(.rela.gnu.linkonce.r*)

.rel.data
 *(.rel.data)
 *(.rel.data.*)
 *(.rel.gnu.linkonce.d*)

.rela.data
 *(.rela.data)
 *(.rela.data.*)
 *(.rela.gnu.linkonce.d*)

.rel.ctors
 *(.rel.ctors)

.rela.ctors
 *(.rela.ctors)

.rel.dtors
 *(.rel.dtors)

.rela.dtors
 *(.rela.dtors)

.rel.got
 *(.rel.got)

.rela.got
 *(.rela.got)

.rel.bss
 *(.rel.bss)

.rela.bss
 *(.rela.bss)

.rel.plt
 *(.rel.plt)

.rela.plt
 *(.rela.plt)

.text           0x0000000000000000     0x4182
 *(.vectors)
 .vectors       0x0000000000000000       0x68 /usr/lib/gcc/avr/9.1.0/../../../../avr/lib/avr5/crtatmega328p.o
                0x0000000000000000                __vectors
                0x0000000000000000                __vector_default
 *(.vectors)
 *(.progmem.gcc*)
 .progmem.gcc_fplib
                0x0000000000000068       0x28 /usr/lib/gcc/avr/9.1.0/../../../../avr/lib/avr5/libm.a(exp.o)
 .progmem.gcc_fplib
                0x0000000000000090       0x5a /usr/lib/gcc/avr/9.1.0/../../../../avr/lib/avr5/libm.a(log.o)
                0x00000000000000ea                . = ALIGN (0x2)
                0x00000000000000ea                __trampolines_start = .
 *(.trampolines)
 .trampolines   0x00000000000000ea        0x0 linker stubs
 *(.trampolines*)
                0x00000000000000ea                __trampolines_end = .
 *libprintf_flt.a:*(.progmem.data)
 *libc.a:*(.progmem.data)
 *(.progmem.*)
 .progmem.data  0x00000000000000ea      0x4fb obj/ili9341gfx.o
                0x00000000000005e6                . = ALIGN (0x2)
 *fill*         0x00000000000005e5        0x1 
 *(.lowtext)
 *(.lowtext*)
                0x00000000000005e6                __ctors_start = .
 *(.ctors)
                0x00000000000005e6                __ctors_end = .
                0x00000000000005e6                __dtors_start = .
 *(.dtors)
                0x00000000000005e6                __dtors_end = .
 SORT_BY_NAME(*)(.ctors)
 SORT_BY_NAME(*)(.dtors)
 *(.init0)
 .init0         0x00000000000005e6        0x0 /usr/lib/gcc/avr/9.1.0/../../../../avr/lib/avr5/crtatmega328p.o
                0x00000000000005e6                __init
 *(.init0)
 *(.init1)
 *(.init1)
 *(.init2)
 .init2         0x00000000000005e6        0xc /usr/lib/gcc/avr/9.1.0/../../../../avr/lib/avr5/crtatmega328p.o
 *(.init2)
 *(.init3)
 *(.init3)
 *(.init4)
 .init4         0x00000000000005f2       0x16 /usr/lib/gcc/avr/9.1.0/avr5/libgcc.a(_copy_data.o)
                0x00000000000005f2                __do_copy_data
 .init4         0x0000000000000608       0x10 /usr/lib/gcc/avr/9.1.0/avr5/libgcc.a(_clear_bss.o)
                0x0000000000000608                __do_clear_bss
 *(.init4)
 *(.init5)
 *(.init5)
 *(.init6)
 *(.init6)
 *(.init7)
 *(.init7)
 *(.init8)
 *(.init8)
 *(.init9)
 .init9         0x0000000000000618        0x8 /usr/lib/gcc/avr/9.1.0/../../../../avr/lib/avr5/crtatmega328p.o
 *(.init9)
 *(.text)
 .text          0x0000000000000620        0x4 /usr/lib/gcc/avr/9.1.0/../../../../avr/lib/avr5/crtatmega328p.o
                0x0000000000000620                __vector_22
                0x0000000000000620                __vector_1
                0x0000000000000620                __vector_24
                0x0000000000000620                __vector_12
                0x0000000000000620                __bad_interrupt
                0x0000000000000620                __vector_6
                0x0000000000000620                __vector_3
                0x0000000000000620                __vector_23
                0x0000000000000620                __vector_25
                0x0000000000000620                __vector_13
                0x0000000000000620                __vector_17
                0x0000000000000620                __vector_19
                0x0000000000000620                __vector_7
                0x0000000000000620                __vector_5
                0x0000000000000620                __vector_4
                0x0000000000000620                __vector_9
                0x0000000000000620                __vector_2
                0x0000000000000620                __vector_21
                0x0000000000000620                __vector_15
                0x0000000000000620                __vector_8
                0x0000000000000620                __vector_14
                0x0000000000000620                __vector_10
                0x0000000000000620                __vector_16
                0x0000000000000620                __vector_18
                0x0000000000000620                __vector_20
 .text          0x0000000000000624     0x13ea obj/main.o
                0x0000000000000624                __vector_11
                0x0000000000000698                graph
                0x0000000000000d84                DPS310_read
                0x0000000000000dee                DPS310_write
                0x0000000000000e4e                DPS310_readCoeffs
                0x0000000000001020                DPS310_sreset
                0x000000000000103c                init_ili9341
                0x0000000000001096                DPS310_init
                0x00000000000011b4                DPS310_get_sc_temp
                0x0000000000001224                DPS310_get_temp
                0x00000000000013f8                DPS310_get_pres
                0x00000000000018fe                calcalt
                0x00000000000019c8                vor_komma
                0x00000000000019f0                nach_komma
 .text          0x0000000000001a0e     0x10aa obj/ili9341.o
                0x0000000000001a0e                ili9341_hard_init
                0x0000000000001a18                ili9341_spi_init
                0x0000000000001a2c                ili9341_spi_send
                0x0000000000001a36                ili9341_writecommand8
                0x0000000000001a4c                ili9341_writedata8
                0x0000000000001a60                ili9341_setaddress
                0x0000000000001acc                ili9341_hard_reset
                0x0000000000001b0a                ili9341_init
                0x0000000000001d2c                ili9341_pushcolour
                0x0000000000001d3e                ili9341_clear
                0x0000000000001db8                ili9341_drawpixel
                0x0000000000001e02                ili9341_drawvline
                0x0000000000001e7a                ili9341_drawhline
                0x0000000000001ef2                ili9341_fillrect
                0x0000000000001fb2                ili9341_setRotation
                0x000000000000200a                ili9341_drawCircle
                0x00000000000021b8                ili9341_drawCircleHelper
                0x0000000000002304                ili9341_drawLine
                0x000000000000244a                ili9341_drawFastVLine
                0x0000000000002466                ili9341_fillCircleHelper
                0x00000000000025ba                ili9341_fillCircle
                0x000000000000260e                ili9341_drawFastHLine
                0x0000000000002628                ili9341_drawRect
                0x0000000000002690                ili9341_fillRect
                0x00000000000026e4                ili9341_drawRoundRect
                0x0000000000002808                ili9341_fillRoundRect
                0x00000000000028a6                ili9341_drawBitmap
                0x00000000000029b0                ili9341_drawXBitmap
 .text          0x0000000000002ab8      0x6cc obj/ili9341gfx.o
                0x0000000000002ab8                backuplocationvset
                0x0000000000002ada                backuplocationvactual
                0x0000000000002afc                backuplocationiset
                0x0000000000002b1e                backuplocationiactual
                0x0000000000002b40                ili9341_drawchar
                0x0000000000002d1c                ili9341_setcursor
                0x0000000000002d2e                ili9341_settextcolour
                0x0000000000002d40                ili9341_settextsize
                0x0000000000002d50                ili9341_write
                0x0000000000002d88                ili9341_putchar_printf
                0x0000000000002d92                display_init
 .text          0x0000000000003184       0x9c obj/grn_UART.o
                0x0000000000003184                uart_send_char
                0x0000000000003192                uart_send_string
                0x00000000000031aa                uart_send_u8data
                0x00000000000031e6                uart_send_u16data
 .text          0x0000000000003220       0x74 obj/grn_TWI.o
                0x0000000000003220                TWIInit
                0x0000000000003238                TWIStart
                0x0000000000003248                TWIStop
                0x0000000000003250                TWIWrite
                0x0000000000003264                TWIReadACK
                0x0000000000003278                TWIReadNACK
                0x000000000000328c                TWIGetStatus
 .text          0x0000000000003294        0x0 /usr/lib/gcc/avr/9.1.0/../../../../avr/lib/avr5/libm.a(addsf3.o)
 .text          0x0000000000003294        0x0 /usr/lib/gcc/avr/9.1.0/../../../../avr/lib/avr5/libm.a(addsf3x.o)
 .text          0x0000000000003294        0x0 /usr/lib/gcc/avr/9.1.0/../../../../avr/lib/avr5/libm.a(divsf3.o)
 .text          0x0000000000003294        0x0 /usr/lib/gcc/avr/9.1.0/../../../../avr/lib/avr5/libm.a(divsf3x.o)
 .text          0x0000000000003294        0x0 /usr/lib/gcc/avr/9.1.0/../../../../avr/lib/avr5/libm.a(fixsfsi.o)
 .text          0x0000000000003294        0x0 /usr/lib/gcc/avr/9.1.0/../../../../avr/lib/avr5/libm.a(fixunssfsi.o)
 .text          0x0000000000003294        0x0 /usr/lib/gcc/avr/9.1.0/../../../../avr/lib/avr5/libm.a(floatsisf.o)
 .text          0x0000000000003294        0x0 /usr/lib/gcc/avr/9.1.0/../../../../avr/lib/avr5/libm.a(fp_inf.o)
 .text          0x0000000000003294        0x0 /usr/lib/gcc/avr/9.1.0/../../../../avr/lib/avr5/libm.a(fp_nan.o)
 .text          0x0000000000003294        0x0 /usr/lib/gcc/avr/9.1.0/../../../../avr/lib/avr5/libm.a(fp_pscA.o)
 .text          0x0000000000003294        0x0 /usr/lib/gcc/avr/9.1.0/../../../../avr/lib/avr5/libm.a(fp_pscB.o)
 .text          0x0000000000003294        0x0 /usr/lib/gcc/avr/9.1.0/../../../../avr/lib/avr5/libm.a(fp_round.o)
 .text          0x0000000000003294        0x0 /usr/lib/gcc/avr/9.1.0/../../../../avr/lib/avr5/libm.a(fp_split3.o)
 .text          0x0000000000003294        0x0 /usr/lib/gcc/avr/9.1.0/../../../../avr/lib/avr5/libm.a(fp_zero.o)
 .text          0x0000000000003294        0x0 /usr/lib/gcc/avr/9.1.0/../../../../avr/lib/avr5/libm.a(mulsf3.o)
 .text          0x0000000000003294        0x0 /usr/lib/gcc/avr/9.1.0/../../../../avr/lib/avr5/libm.a(mulsf3x.o)
 .text          0x0000000000003294        0x0 /usr/lib/gcc/avr/9.1.0/../../../../avr/lib/avr5/libm.a(pow.o)
 .text          0x0000000000003294        0x0 /usr/lib/gcc/avr/9.1.0/../../../../avr/lib/avr5/libm.a(exp.o)
 .text          0x0000000000003294        0x0 /usr/lib/gcc/avr/9.1.0/../../../../avr/lib/avr5/libm.a(fp_powser.o)
 .text          0x0000000000003294        0x0 /usr/lib/gcc/avr/9.1.0/../../../../avr/lib/avr5/libm.a(inverse.o)
 .text          0x0000000000003294        0x0 /usr/lib/gcc/avr/9.1.0/../../../../avr/lib/avr5/libm.a(ldexp.o)
 .text          0x0000000000003294        0x0 /usr/lib/gcc/avr/9.1.0/../../../../avr/lib/avr5/libm.a(log.o)
 .text          0x0000000000003294        0x0 /usr/lib/gcc/avr/9.1.0/../../../../avr/lib/avr5/libm.a(modf.o)
 .text          0x0000000000003294        0x0 /usr/lib/gcc/avr/9.1.0/../../../../avr/lib/avr5/libm.a(fp_mpack.o)
 .text          0x0000000000003294        0x0 /usr/lib/gcc/avr/9.1.0/avr5/libgcc.a(_udivmodsi4.o)
 .text          0x0000000000003294        0x0 /usr/lib/gcc/avr/9.1.0/avr5/libgcc.a(_exit.o)
 .text          0x0000000000003294        0x0 /usr/lib/gcc/avr/9.1.0/avr5/libgcc.a(_copy_data.o)
 .text          0x0000000000003294        0x0 /usr/lib/gcc/avr/9.1.0/avr5/libgcc.a(_clear_bss.o)
 .text          0x0000000000003294        0x0 /usr/lib/gcc/avr/9.1.0/../../../../avr/lib/avr5/libc.a(itoa_ncheck.o)
 .text          0x0000000000003294        0x0 /usr/lib/gcc/avr/9.1.0/../../../../avr/lib/avr5/libc.a(utoa_ncheck.o)
 .text          0x0000000000003294        0x0 /usr/lib/gcc/avr/9.1.0/../../../../avr/lib/avr5/libc.a(iob.o)
 .text          0x0000000000003294        0x0 /usr/lib/gcc/avr/9.1.0/../../../../avr/lib/avr5/libc.a(printf.o)
 .text          0x0000000000003294        0x0 /usr/lib/gcc/avr/9.1.0/../../../../avr/lib/avr5/libc.a(puts.o)
 .text          0x0000000000003294        0x0 /usr/lib/gcc/avr/9.1.0/../../../../avr/lib/avr5/libc.a(vfprintf_std.o)
 .text          0x0000000000003294        0x0 /usr/lib/gcc/avr/9.1.0/../../../../avr/lib/avr5/libc.a(strnlen_P.o)
 .text          0x0000000000003294        0x0 /usr/lib/gcc/avr/9.1.0/../../../../avr/lib/avr5/libc.a(strnlen.o)
 .text          0x0000000000003294        0x0 /usr/lib/gcc/avr/9.1.0/../../../../avr/lib/avr5/libc.a(strrev.o)
 .text          0x0000000000003294        0x0 /usr/lib/gcc/avr/9.1.0/../../../../avr/lib/avr5/libc.a(fputc.o)
 .text          0x0000000000003294        0x0 /usr/lib/gcc/avr/9.1.0/../../../../avr/lib/avr5/libc.a(ultoa_invert.o)
 .text          0x0000000000003294        0x0 /usr/lib/gcc/avr/9.1.0/avr5/libgcc.a(_prologue.o)
 .text          0x0000000000003294        0x0 /usr/lib/gcc/avr/9.1.0/avr5/libgcc.a(_epilogue.o)
                0x0000000000003294                . = ALIGN (0x2)
 *(.text.*)
 .text.startup  0x0000000000003294      0x142 obj/main.o
                0x0000000000003294                main
 .text.avr-libc.fplib
                0x00000000000033d6        0xe /usr/lib/gcc/avr/9.1.0/../../../../avr/lib/avr5/libm.a(addsf3.o)
                0x00000000000033d6                __subsf3
                0x00000000000033d8                __addsf3
 .text.avr-libc.fplib
                0x00000000000033e4       0xcc /usr/lib/gcc/avr/9.1.0/../../../../avr/lib/avr5/libm.a(addsf3x.o)
                0x0000000000003406                __addsf3x
 .text.avr-libc.fplib
                0x00000000000034b0        0x8 /usr/lib/gcc/avr/9.1.0/../../../../avr/lib/avr5/libm.a(divsf3.o)
                0x00000000000034b0                __divsf3
 .text.avr-libc.fplib
                0x00000000000034b8       0xdc /usr/lib/gcc/avr/9.1.0/../../../../avr/lib/avr5/libm.a(divsf3x.o)
                0x00000000000034d8                __divsf3x
                0x00000000000034de                __divsf3_pse
 .text.avr-libc.fplib
                0x0000000000003594        0xe /usr/lib/gcc/avr/9.1.0/../../../../avr/lib/avr5/libm.a(fixsfsi.o)
                0x0000000000003594                __fixsfsi
 .text.avr-libc.fplib
                0x00000000000035a2       0x5e /usr/lib/gcc/avr/9.1.0/../../../../avr/lib/avr5/libm.a(fixunssfsi.o)
                0x00000000000035a2                __fixunssfsi
 .text.avr-libc.fplib
                0x0000000000003600       0x7a /usr/lib/gcc/avr/9.1.0/../../../../avr/lib/avr5/libm.a(floatsisf.o)
                0x0000000000003600                __floatunsisf
                0x0000000000003604                __floatsisf
 .text.avr-libc.fplib
                0x000000000000367a        0xc /usr/lib/gcc/avr/9.1.0/../../../../avr/lib/avr5/libm.a(fp_inf.o)
                0x000000000000367a                __fp_inf
 .text.avr-libc.fplib
                0x0000000000003686        0x6 /usr/lib/gcc/avr/9.1.0/../../../../avr/lib/avr5/libm.a(fp_nan.o)
                0x0000000000003686                __fp_nan
 .text.avr-libc.fplib
                0x000000000000368c        0xe /usr/lib/gcc/avr/9.1.0/../../../../avr/lib/avr5/libm.a(fp_pscA.o)
                0x000000000000368c                __fp_pscA
 .text.avr-libc.fplib
                0x000000000000369a        0xe /usr/lib/gcc/avr/9.1.0/../../../../avr/lib/avr5/libm.a(fp_pscB.o)
                0x000000000000369a                __fp_pscB
 .text.avr-libc.fplib
                0x00000000000036a8       0x22 /usr/lib/gcc/avr/9.1.0/../../../../avr/lib/avr5/libm.a(fp_round.o)
                0x00000000000036a8                __fp_round
 .text.avr-libc.fplib
                0x00000000000036ca       0x44 /usr/lib/gcc/avr/9.1.0/../../../../avr/lib/avr5/libm.a(fp_split3.o)
                0x00000000000036ca                __fp_split3
                0x00000000000036da                __fp_splitA
 .text.avr-libc.fplib
                0x000000000000370e        0xe /usr/lib/gcc/avr/9.1.0/../../../../avr/lib/avr5/libm.a(fp_zero.o)
                0x000000000000370e                __fp_zero
                0x0000000000003710                __fp_szero
 .text.avr-libc.fplib
                0x000000000000371c        0x8 /usr/lib/gcc/avr/9.1.0/../../../../avr/lib/avr5/libm.a(mulsf3.o)
                0x000000000000371c                __mulsf3
 .text.avr-libc.fplib
                0x0000000000003724       0xd2 /usr/lib/gcc/avr/9.1.0/../../../../avr/lib/avr5/libm.a(mulsf3x.o)
                0x0000000000003742                __mulsf3x
                0x0000000000003748                __mulsf3_pse
 .text.avr-libc.fplib
                0x00000000000037f6       0xa0 /usr/lib/gcc/avr/9.1.0/../../../../avr/lib/avr5/libm.a(pow.o)
                0x00000000000037f6                pow
 .text.avr-libc.fplib
                0x0000000000003896       0x74 /usr/lib/gcc/avr/9.1.0/../../../../avr/lib/avr5/libm.a(exp.o)
                0x00000000000038a6                exp
 .text.avr-libc.fplib
                0x000000000000390a       0x4e /usr/lib/gcc/avr/9.1.0/../../../../avr/lib/avr5/libm.a(fp_powser.o)
                0x000000000000390a                __fp_powser
 .text.avr-libc.fplib
                0x0000000000003958       0x10 /usr/lib/gcc/avr/9.1.0/../../../../avr/lib/avr5/libm.a(inverse.o)
                0x0000000000003958                inverse
 .text.avr-libc.fplib
                0x0000000000003968       0x74 /usr/lib/gcc/avr/9.1.0/../../../../avr/lib/avr5/libm.a(ldexp.o)
                0x0000000000003970                ldexp
 .text.avr-libc.fplib
                0x00000000000039dc       0xa0 /usr/lib/gcc/avr/9.1.0/../../../../avr/lib/avr5/libm.a(log.o)
                0x00000000000039ec                log
 .text.avr-libc.fplib
                0x0000000000003a7c       0x68 /usr/lib/gcc/avr/9.1.0/../../../../avr/lib/avr5/libm.a(modf.o)
                0x0000000000003a7c                modff
                0x0000000000003a7c                modf
 .text.avr-libc.fplib
                0x0000000000003ae4       0x1c /usr/lib/gcc/avr/9.1.0/../../../../avr/lib/avr5/libm.a(fp_mpack.o)
                0x0000000000003ae4                __fp_mpack
                0x0000000000003ae8                __fp_mpack_finite
 .text.libgcc.mul
                0x0000000000003b00        0x0 /usr/lib/gcc/avr/9.1.0/avr5/libgcc.a(_udivmodsi4.o)
 .text.libgcc.div
                0x0000000000003b00       0x44 /usr/lib/gcc/avr/9.1.0/avr5/libgcc.a(_udivmodsi4.o)
                0x0000000000003b00                __udivmodsi4
 .text.libgcc   0x0000000000003b44        0x0 /usr/lib/gcc/avr/9.1.0/avr5/libgcc.a(_udivmodsi4.o)
 .text.libgcc.prologue
                0x0000000000003b44        0x0 /usr/lib/gcc/avr/9.1.0/avr5/libgcc.a(_udivmodsi4.o)
 .text.libgcc.builtins
                0x0000000000003b44        0x0 /usr/lib/gcc/avr/9.1.0/avr5/libgcc.a(_udivmodsi4.o)
 .text.libgcc.fmul
                0x0000000000003b44        0x0 /usr/lib/gcc/avr/9.1.0/avr5/libgcc.a(_udivmodsi4.o)
 .text.libgcc.fixed
                0x0000000000003b44        0x0 /usr/lib/gcc/avr/9.1.0/avr5/libgcc.a(_udivmodsi4.o)
 .text.libgcc.mul
                0x0000000000003b44        0x0 /usr/lib/gcc/avr/9.1.0/avr5/libgcc.a(_exit.o)
 .text.libgcc.div
                0x0000000000003b44        0x0 /usr/lib/gcc/avr/9.1.0/avr5/libgcc.a(_exit.o)
 .text.libgcc   0x0000000000003b44        0x0 /usr/lib/gcc/avr/9.1.0/avr5/libgcc.a(_exit.o)
 .text.libgcc.prologue
                0x0000000000003b44        0x0 /usr/lib/gcc/avr/9.1.0/avr5/libgcc.a(_exit.o)
 .text.libgcc.builtins
                0x0000000000003b44        0x0 /usr/lib/gcc/avr/9.1.0/avr5/libgcc.a(_exit.o)
 .text.libgcc.fmul
                0x0000000000003b44        0x0 /usr/lib/gcc/avr/9.1.0/avr5/libgcc.a(_exit.o)
 .text.libgcc.fixed
                0x0000000000003b44        0x0 /usr/lib/gcc/avr/9.1.0/avr5/libgcc.a(_exit.o)
 .text.libgcc.mul
                0x0000000000003b44        0x0 /usr/lib/gcc/avr/9.1.0/avr5/libgcc.a(_copy_data.o)
 .text.libgcc.div
                0x0000000000003b44        0x0 /usr/lib/gcc/avr/9.1.0/avr5/libgcc.a(_copy_data.o)
 .text.libgcc   0x0000000000003b44        0x0 /usr/lib/gcc/avr/9.1.0/avr5/libgcc.a(_copy_data.o)
 .text.libgcc.prologue
                0x0000000000003b44        0x0 /usr/lib/gcc/avr/9.1.0/avr5/libgcc.a(_copy_data.o)
 .text.libgcc.builtins
                0x0000000000003b44        0x0 /usr/lib/gcc/avr/9.1.0/avr5/libgcc.a(_copy_data.o)
 .text.libgcc.fmul
                0x0000000000003b44        0x0 /usr/lib/gcc/avr/9.1.0/avr5/libgcc.a(_copy_data.o)
 .text.libgcc.fixed
                0x0000000000003b44        0x0 /usr/lib/gcc/avr/9.1.0/avr5/libgcc.a(_copy_data.o)
 .text.libgcc.mul
                0x0000000000003b44        0x0 /usr/lib/gcc/avr/9.1.0/avr5/libgcc.a(_clear_bss.o)
 .text.libgcc.div
                0x0000000000003b44        0x0 /usr/lib/gcc/avr/9.1.0/avr5/libgcc.a(_clear_bss.o)
 .text.libgcc   0x0000000000003b44        0x0 /usr/lib/gcc/avr/9.1.0/avr5/libgcc.a(_clear_bss.o)
 .text.libgcc.prologue
                0x0000000000003b44        0x0 /usr/lib/gcc/avr/9.1.0/avr5/libgcc.a(_clear_bss.o)
 .text.libgcc.builtins
                0x0000000000003b44        0x0 /usr/lib/gcc/avr/9.1.0/avr5/libgcc.a(_clear_bss.o)
 .text.libgcc.fmul
                0x0000000000003b44        0x0 /usr/lib/gcc/avr/9.1.0/avr5/libgcc.a(_clear_bss.o)
 .text.libgcc.fixed
                0x0000000000003b44        0x0 /usr/lib/gcc/avr/9.1.0/avr5/libgcc.a(_clear_bss.o)
 .text.avr-libc
                0x0000000000003b44       0x16 /usr/lib/gcc/avr/9.1.0/../../../../avr/lib/avr5/libc.a(itoa_ncheck.o)
                0x0000000000003b44                __itoa_ncheck
 .text.avr-libc
                0x0000000000003b5a       0x34 /usr/lib/gcc/avr/9.1.0/../../../../avr/lib/avr5/libc.a(utoa_ncheck.o)
                0x0000000000003b5a                __utoa_ncheck
                0x0000000000003b5c                __utoa_common
 .text.avr-libc
                0x0000000000003b8e       0x2c /usr/lib/gcc/avr/9.1.0/../../../../avr/lib/avr5/libc.a(printf.o)
                0x0000000000003b8e                printf
 .text.avr-libc
                0x0000000000003bba       0x58 /usr/lib/gcc/avr/9.1.0/../../../../avr/lib/avr5/libc.a(puts.o)
                0x0000000000003bba                puts
 .text.avr-libc
                0x0000000000003c12      0x396 /usr/lib/gcc/avr/9.1.0/../../../../avr/lib/avr5/libc.a(vfprintf_std.o)
                0x0000000000003c12                vfprintf
 .text.avr-libc
                0x0000000000003fa8       0x16 /usr/lib/gcc/avr/9.1.0/../../../../avr/lib/avr5/libc.a(strnlen_P.o)
                0x0000000000003fa8                strnlen_P
 .text.avr-libc
                0x0000000000003fbe       0x16 /usr/lib/gcc/avr/9.1.0/../../../../avr/lib/avr5/libc.a(strnlen.o)
                0x0000000000003fbe                strnlen
 .text.avr-libc
                0x0000000000003fd4       0x20 /usr/lib/gcc/avr/9.1.0/../../../../avr/lib/avr5/libc.a(strrev.o)
                0x0000000000003fd4                strrev
 .text.avr-libc
                0x0000000000003ff4       0x60 /usr/lib/gcc/avr/9.1.0/../../../../avr/lib/avr5/libc.a(fputc.o)
                0x0000000000003ff4                fputc
 .text.avr-libc
                0x0000000000004054       0xbc /usr/lib/gcc/avr/9.1.0/../../../../avr/lib/avr5/libc.a(ultoa_invert.o)
                0x0000000000004054                __ultoa_invert
 .text.libgcc.mul
                0x0000000000004110        0x0 /usr/lib/gcc/avr/9.1.0/avr5/libgcc.a(_prologue.o)
 .text.libgcc.div
                0x0000000000004110        0x0 /usr/lib/gcc/avr/9.1.0/avr5/libgcc.a(_prologue.o)
 .text.libgcc   0x0000000000004110        0x0 /usr/lib/gcc/avr/9.1.0/avr5/libgcc.a(_prologue.o)
 .text.libgcc.prologue
                0x0000000000004110       0x38 /usr/lib/gcc/avr/9.1.0/avr5/libgcc.a(_prologue.o)
                0x0000000000004110                __prologue_saves__
 .text.libgcc.builtins
                0x0000000000004148        0x0 /usr/lib/gcc/avr/9.1.0/avr5/libgcc.a(_prologue.o)
 .text.libgcc.fmul
                0x0000000000004148        0x0 /usr/lib/gcc/avr/9.1.0/avr5/libgcc.a(_prologue.o)
 .text.libgcc.fixed
                0x0000000000004148        0x0 /usr/lib/gcc/avr/9.1.0/avr5/libgcc.a(_prologue.o)
 .text.libgcc.mul
                0x0000000000004148        0x0 /usr/lib/gcc/avr/9.1.0/avr5/libgcc.a(_epilogue.o)
 .text.libgcc.div
                0x0000000000004148        0x0 /usr/lib/gcc/avr/9.1.0/avr5/libgcc.a(_epilogue.o)
 .text.libgcc   0x0000000000004148        0x0 /usr/lib/gcc/avr/9.1.0/avr5/libgcc.a(_epilogue.o)
 .text.libgcc.prologue
                0x0000000000004148       0x36 /usr/lib/gcc/avr/9.1.0/avr5/libgcc.a(_epilogue.o)
                0x0000000000004148                __epilogue_restores__
 .text.libgcc.builtins
                0x000000000000417e        0x0 /usr/lib/gcc/avr/9.1.0/avr5/libgcc.a(_epilogue.o)
 .text.libgcc.fmul
                0x000000000000417e        0x0 /usr/lib/gcc/avr/9.1.0/avr5/libgcc.a(_epilogue.o)
 .text.libgcc.fixed
                0x000000000000417e        0x0 /usr/lib/gcc/avr/9.1.0/avr5/libgcc.a(_epilogue.o)
                0x000000000000417e                . = ALIGN (0x2)
 *(.fini9)
 .fini9         0x000000000000417e        0x0 /usr/lib/gcc/avr/9.1.0/avr5/libgcc.a(_exit.o)
                0x000000000000417e                exit
                0x000000000000417e                _exit
 *(.fini9)
 *(.fini8)
 *(.fini8)
 *(.fini7)
 *(.fini7)
 *(.fini6)
 *(.fini6)
 *(.fini5)
 *(.fini5)
 *(.fini4)
 *(.fini4)
 *(.fini3)
 *(.fini3)
 *(.fini2)
 *(.fini2)
 *(.fini1)
 *(.fini1)
 *(.fini0)
 .fini0         0x000000000000417e        0x4 /usr/lib/gcc/avr/9.1.0/avr5/libgcc.a(_exit.o)
 *(.fini0)
 *(.hightext)
 *(.hightext*)
 *(.progmemx.*)
                0x0000000000004182                . = ALIGN (0x2)
 *(.jumptables)
 *(.jumptables*)
                0x0000000000004182                _etext = .

.data           0x0000000000800100       0x7e load address 0x0000000000004182
                0x0000000000800100                PROVIDE (__data_start = .)
 *(.data)
 .data          0x0000000000800100        0x0 /usr/lib/gcc/avr/9.1.0/../../../../avr/lib/avr5/crtatmega328p.o
 .data          0x0000000000800100       0x17 obj/main.o
                0x0000000000800108                messung
 .data          0x0000000000800117        0x8 obj/ili9341.o
                0x0000000000800117                _height
                0x0000000000800119                _width
                0x000000000080011b                LCD_H
                0x000000000080011d                LCD_W
 .data          0x000000000080011f        0xe obj/ili9341gfx.o
 .data          0x000000000080012d        0x0 obj/grn_UART.o
 .data          0x000000000080012d        0x0 obj/grn_TWI.o
 .data          0x000000000080012d        0x0 /usr/lib/gcc/avr/9.1.0/../../../../avr/lib/avr5/libm.a(addsf3.o)
 .data          0x000000000080012d        0x0 /usr/lib/gcc/avr/9.1.0/../../../../avr/lib/avr5/libm.a(addsf3x.o)
 .data          0x000000000080012d        0x0 /usr/lib/gcc/avr/9.1.0/../../../../avr/lib/avr5/libm.a(divsf3.o)
 .data          0x000000000080012d        0x0 /usr/lib/gcc/avr/9.1.0/../../../../avr/lib/avr5/libm.a(divsf3x.o)
 .data          0x000000000080012d        0x0 /usr/lib/gcc/avr/9.1.0/../../../../avr/lib/avr5/libm.a(fixsfsi.o)
 .data          0x000000000080012d        0x0 /usr/lib/gcc/avr/9.1.0/../../../../avr/lib/avr5/libm.a(fixunssfsi.o)
 .data          0x000000000080012d        0x0 /usr/lib/gcc/avr/9.1.0/../../../../avr/lib/avr5/libm.a(floatsisf.o)
 .data          0x000000000080012d        0x0 /usr/lib/gcc/avr/9.1.0/../../../../avr/lib/avr5/libm.a(fp_inf.o)
 .data          0x000000000080012d        0x0 /usr/lib/gcc/avr/9.1.0/../../../../avr/lib/avr5/libm.a(fp_nan.o)
 .data          0x000000000080012d        0x0 /usr/lib/gcc/avr/9.1.0/../../../../avr/lib/avr5/libm.a(fp_pscA.o)
 .data          0x000000000080012d        0x0 /usr/lib/gcc/avr/9.1.0/../../../../avr/lib/avr5/libm.a(fp_pscB.o)
 .data          0x000000000080012d        0x0 /usr/lib/gcc/avr/9.1.0/../../../../avr/lib/avr5/libm.a(fp_round.o)
 .data          0x000000000080012d        0x0 /usr/lib/gcc/avr/9.1.0/../../../../avr/lib/avr5/libm.a(fp_split3.o)
 .data          0x000000000080012d        0x0 /usr/lib/gcc/avr/9.1.0/../../../../avr/lib/avr5/libm.a(fp_zero.o)
 .data          0x000000000080012d        0x0 /usr/lib/gcc/avr/9.1.0/../../../../avr/lib/avr5/libm.a(mulsf3.o)
 .data          0x000000000080012d        0x0 /usr/lib/gcc/avr/9.1.0/../../../../avr/lib/avr5/libm.a(mulsf3x.o)
 .data          0x000000000080012d        0x0 /usr/lib/gcc/avr/9.1.0/../../../../avr/lib/avr5/libm.a(pow.o)
 .data          0x000000000080012d        0x0 /usr/lib/gcc/avr/9.1.0/../../../../avr/lib/avr5/libm.a(exp.o)
 .data          0x000000000080012d        0x0 /usr/lib/gcc/avr/9.1.0/../../../../avr/lib/avr5/libm.a(fp_powser.o)
 .data          0x000000000080012d        0x0 /usr/lib/gcc/avr/9.1.0/../../../../avr/lib/avr5/libm.a(inverse.o)
 .data          0x000000000080012d        0x0 /usr/lib/gcc/avr/9.1.0/../../../../avr/lib/avr5/libm.a(ldexp.o)
 .data          0x000000000080012d        0x0 /usr/lib/gcc/avr/9.1.0/../../../../avr/lib/avr5/libm.a(log.o)
 .data          0x000000000080012d        0x0 /usr/lib/gcc/avr/9.1.0/../../../../avr/lib/avr5/libm.a(modf.o)
 .data          0x000000000080012d        0x0 /usr/lib/gcc/avr/9.1.0/../../../../avr/lib/avr5/libm.a(fp_mpack.o)
 .data          0x000000000080012d        0x0 /usr/lib/gcc/avr/9.1.0/avr5/libgcc.a(_udivmodsi4.o)
 .data          0x000000000080012d        0x0 /usr/lib/gcc/avr/9.1.0/avr5/libgcc.a(_exit.o)
 .data          0x000000000080012d        0x0 /usr/lib/gcc/avr/9.1.0/avr5/libgcc.a(_copy_data.o)
 .data          0x000000000080012d        0x0 /usr/lib/gcc/avr/9.1.0/avr5/libgcc.a(_clear_bss.o)
 .data          0x000000000080012d        0x0 /usr/lib/gcc/avr/9.1.0/../../../../avr/lib/avr5/libc.a(itoa_ncheck.o)
 .data          0x000000000080012d        0x0 /usr/lib/gcc/avr/9.1.0/../../../../avr/lib/avr5/libc.a(utoa_ncheck.o)
 .data          0x000000000080012d        0x0 /usr/lib/gcc/avr/9.1.0/../../../../avr/lib/avr5/libc.a(iob.o)
 .data          0x000000000080012d        0x0 /usr/lib/gcc/avr/9.1.0/../../../../avr/lib/avr5/libc.a(printf.o)
 .data          0x000000000080012d        0x0 /usr/lib/gcc/avr/9.1.0/../../../../avr/lib/avr5/libc.a(puts.o)
 .data          0x000000000080012d        0x0 /usr/lib/gcc/avr/9.1.0/../../../../avr/lib/avr5/libc.a(vfprintf_std.o)
 .data          0x000000000080012d        0x0 /usr/lib/gcc/avr/9.1.0/../../../../avr/lib/avr5/libc.a(strnlen_P.o)
 .data          0x000000000080012d        0x0 /usr/lib/gcc/avr/9.1.0/../../../../avr/lib/avr5/libc.a(strnlen.o)
 .data          0x000000000080012d        0x0 /usr/lib/gcc/avr/9.1.0/../../../../avr/lib/avr5/libc.a(strrev.o)
 .data          0x000000000080012d        0x0 /usr/lib/gcc/avr/9.1.0/../../../../avr/lib/avr5/libc.a(fputc.o)
 .data          0x000000000080012d        0x0 /usr/lib/gcc/avr/9.1.0/../../../../avr/lib/avr5/libc.a(ultoa_invert.o)
 .data          0x000000000080012d        0x0 /usr/lib/gcc/avr/9.1.0/avr5/libgcc.a(_prologue.o)
 .data          0x000000000080012d        0x0 /usr/lib/gcc/avr/9.1.0/avr5/libgcc.a(_epilogue.o)
 *(.data*)
 *(.gnu.linkonce.d*)
 *(.rodata)
 *(.rodata*)
 .rodata.str1.1
                0x000000000080012d       0x10 obj/main.o
                                         0x13 (size before relaxing)
 .rodata.str1.1
                0x000000000080013d       0x40 obj/ili9341gfx.o
 *(.gnu.linkonce.r*)
                0x000000000080017e                . = ALIGN (0x2)
 *fill*         0x000000000080017d        0x1 
                0x000000000080017e                _edata = .
                0x000000000080017e                PROVIDE (__data_end = .)

.bss            0x000000000080017e       0x9c
                0x000000000080017e                PROVIDE (__bss_start = .)
 *(.bss)
 .bss           0x000000000080017e        0x0 /usr/lib/gcc/avr/9.1.0/../../../../avr/lib/avr5/crtatmega328p.o
 .bss           0x000000000080017e       0x37 obj/main.o
                0x000000000080017e                string
                0x000000000080019c                buff
                0x00000000008001a2                pp
                0x00000000008001a6                tt
                0x00000000008001a8                id
                0x00000000008001a9                meas
                0x00000000008001aa                buffer
 .bss           0x00000000008001b5        0x0 obj/ili9341.o
 .bss           0x00000000008001b5        0x0 obj/ili9341gfx.o
 .bss           0x00000000008001b5        0x0 obj/grn_UART.o
 .bss           0x00000000008001b5        0x0 obj/grn_TWI.o
 .bss           0x00000000008001b5        0x0 /usr/lib/gcc/avr/9.1.0/../../../../avr/lib/avr5/libm.a(addsf3.o)
 .bss           0x00000000008001b5        0x0 /usr/lib/gcc/avr/9.1.0/../../../../avr/lib/avr5/libm.a(addsf3x.o)
 .bss           0x00000000008001b5        0x0 /usr/lib/gcc/avr/9.1.0/../../../../avr/lib/avr5/libm.a(divsf3.o)
 .bss           0x00000000008001b5        0x0 /usr/lib/gcc/avr/9.1.0/../../../../avr/lib/avr5/libm.a(divsf3x.o)
 .bss           0x00000000008001b5        0x0 /usr/lib/gcc/avr/9.1.0/../../../../avr/lib/avr5/libm.a(fixsfsi.o)
 .bss           0x00000000008001b5        0x0 /usr/lib/gcc/avr/9.1.0/../../../../avr/lib/avr5/libm.a(fixunssfsi.o)
 .bss           0x00000000008001b5        0x0 /usr/lib/gcc/avr/9.1.0/../../../../avr/lib/avr5/libm.a(floatsisf.o)
 .bss           0x00000000008001b5        0x0 /usr/lib/gcc/avr/9.1.0/../../../../avr/lib/avr5/libm.a(fp_inf.o)
 .bss           0x00000000008001b5        0x0 /usr/lib/gcc/avr/9.1.0/../../../../avr/lib/avr5/libm.a(fp_nan.o)
 .bss           0x00000000008001b5        0x0 /usr/lib/gcc/avr/9.1.0/../../../../avr/lib/avr5/libm.a(fp_pscA.o)
 .bss           0x00000000008001b5        0x0 /usr/lib/gcc/avr/9.1.0/../../../../avr/lib/avr5/libm.a(fp_pscB.o)
 .bss           0x00000000008001b5        0x0 /usr/lib/gcc/avr/9.1.0/../../../../avr/lib/avr5/libm.a(fp_round.o)
 .bss           0x00000000008001b5        0x0 /usr/lib/gcc/avr/9.1.0/../../../../avr/lib/avr5/libm.a(fp_split3.o)
 .bss           0x00000000008001b5        0x0 /usr/lib/gcc/avr/9.1.0/../../../../avr/lib/avr5/libm.a(fp_zero.o)
 .bss           0x00000000008001b5        0x0 /usr/lib/gcc/avr/9.1.0/../../../../avr/lib/avr5/libm.a(mulsf3.o)
 .bss           0x00000000008001b5        0x0 /usr/lib/gcc/avr/9.1.0/../../../../avr/lib/avr5/libm.a(mulsf3x.o)
 .bss           0x00000000008001b5        0x0 /usr/lib/gcc/avr/9.1.0/../../../../avr/lib/avr5/libm.a(pow.o)
 .bss           0x00000000008001b5        0x0 /usr/lib/gcc/avr/9.1.0/../../../../avr/lib/avr5/libm.a(exp.o)
 .bss           0x00000000008001b5        0x0 /usr/lib/gcc/avr/9.1.0/../../../../avr/lib/avr5/libm.a(fp_powser.o)
 .bss           0x00000000008001b5        0x0 /usr/lib/gcc/avr/9.1.0/../../../../avr/lib/avr5/libm.a(inverse.o)
 .bss           0x00000000008001b5        0x0 /usr/lib/gcc/avr/9.1.0/../../../../avr/lib/avr5/libm.a(ldexp.o)
 .bss           0x00000000008001b5        0x0 /usr/lib/gcc/avr/9.1.0/../../../../avr/lib/avr5/libm.a(log.o)
 .bss           0x00000000008001b5        0x0 /usr/lib/gcc/avr/9.1.0/../../../../avr/lib/avr5/libm.a(modf.o)
 .bss           0x00000000008001b5        0x0 /usr/lib/gcc/avr/9.1.0/../../../../avr/lib/avr5/libm.a(fp_mpack.o)
 .bss           0x00000000008001b5        0x0 /usr/lib/gcc/avr/9.1.0/avr5/libgcc.a(_udivmodsi4.o)
 .bss           0x00000000008001b5        0x0 /usr/lib/gcc/avr/9.1.0/avr5/libgcc.a(_exit.o)
 .bss           0x00000000008001b5        0x0 /usr/lib/gcc/avr/9.1.0/avr5/libgcc.a(_copy_data.o)
 .bss           0x00000000008001b5        0x0 /usr/lib/gcc/avr/9.1.0/avr5/libgcc.a(_clear_bss.o)
 .bss           0x00000000008001b5        0x0 /usr/lib/gcc/avr/9.1.0/../../../../avr/lib/avr5/libc.a(itoa_ncheck.o)
 .bss           0x00000000008001b5        0x0 /usr/lib/gcc/avr/9.1.0/../../../../avr/lib/avr5/libc.a(utoa_ncheck.o)
 .bss           0x00000000008001b5        0x0 /usr/lib/gcc/avr/9.1.0/../../../../avr/lib/avr5/libc.a(iob.o)
 .bss           0x00000000008001b5        0x0 /usr/lib/gcc/avr/9.1.0/../../../../avr/lib/avr5/libc.a(printf.o)
 .bss           0x00000000008001b5        0x0 /usr/lib/gcc/avr/9.1.0/../../../../avr/lib/avr5/libc.a(puts.o)
 .bss           0x00000000008001b5        0x0 /usr/lib/gcc/avr/9.1.0/../../../../avr/lib/avr5/libc.a(vfprintf_std.o)
 .bss           0x00000000008001b5        0x0 /usr/lib/gcc/avr/9.1.0/../../../../avr/lib/avr5/libc.a(strnlen_P.o)
 .bss           0x00000000008001b5        0x0 /usr/lib/gcc/avr/9.1.0/../../../../avr/lib/avr5/libc.a(strnlen.o)
 .bss           0x00000000008001b5        0x0 /usr/lib/gcc/avr/9.1.0/../../../../avr/lib/avr5/libc.a(strrev.o)
 .bss           0x00000000008001b5        0x0 /usr/lib/gcc/avr/9.1.0/../../../../avr/lib/avr5/libc.a(fputc.o)
 .bss           0x00000000008001b5        0x0 /usr/lib/gcc/avr/9.1.0/../../../../avr/lib/avr5/libc.a(ultoa_invert.o)
 .bss           0x00000000008001b5        0x0 /usr/lib/gcc/avr/9.1.0/avr5/libgcc.a(_prologue.o)
 .bss           0x00000000008001b5        0x0 /usr/lib/gcc/avr/9.1.0/avr5/libgcc.a(_epilogue.o)
 *(.bss*)
 *(COMMON)
 COMMON         0x00000000008001b5       0x46 obj/main.o
                0x00000000008001b5                pres_ovs
                0x00000000008001b6                m_C01
                0x00000000008001b8                qnh
                0x00000000008001bc                xpos
                0x00000000008001bd                m_C10
                0x00000000008001c1                x
                0x00000000008001c2                Temperature
                0x00000000008001c4                bit
                0x00000000008001c5                log_pos
                0x00000000008001c7                ms
                0x00000000008001c8                rdy
                0x00000000008001c9                m_C30
                0x00000000008001cb                m_C0
                0x00000000008001cd                m_C11
                0x00000000008001cf                state
                0x00000000008001d0                posx
                0x00000000008001d2                m_C20
                0x00000000008001d4                ms10
                0x00000000008001d5                xx
                0x00000000008001d7                var_x
                0x00000000008001d9                temp_ovs
                0x00000000008001da                m_C00
                0x00000000008001de                altitude
                0x00000000008001e2                m_C21
                0x00000000008001e4                entprell
                0x00000000008001e5                COLOR
                0x00000000008001e7                posy
                0x00000000008001e9                min
                0x00000000008001ea                color
                0x00000000008001ec                yy
                0x00000000008001ee                m_C1
                0x00000000008001f0                ms100
                0x00000000008001f1                sec
                0x00000000008001f2                result
                0x00000000008001f3                error
                0x00000000008001f4                zell
                0x00000000008001f6                Pressure
                0x00000000008001fa                value
 COMMON         0x00000000008001fb       0x19 obj/ili9341gfx.o
                0x00000000008001fb                textbgcolour
                0x00000000008001fd                cursor_y
                0x00000000008001ff                iactualx
                0x0000000000800201                iactualy
                0x0000000000800203                vactualx
                0x0000000000800205                isetx
                0x0000000000800207                vsety
                0x0000000000800209                vsetx
                0x000000000080020b                vactualy
                0x000000000080020d                textcolour
                0x000000000080020f                cursor_x
                0x0000000000800211                textsize
                0x0000000000800212                isety
 COMMON         0x0000000000800214        0x6 /usr/lib/gcc/avr/9.1.0/../../../../avr/lib/avr5/libc.a(iob.o)
                0x0000000000800214                __iob
                0x000000000080021a                PROVIDE (__bss_end = .)
                0x0000000000004182                __data_load_start = LOADADDR (.data)
                0x0000000000004200                __data_load_end = (__data_load_start + SIZEOF (.data))

.noinit         0x000000000080021a        0x0
                [!provide]                        PROVIDE (__noinit_start = .)
 *(.noinit*)
                [!provide]                        PROVIDE (__noinit_end = .)
                0x000000000080021a                _end = .
                [!provide]                        PROVIDE (__heap_start = .)

.eeprom         0x0000000000810000        0x0
 *(.eeprom*)
                0x0000000000810000                __eeprom_end = .

.fuse
 *(.fuse)
 *(.lfuse)
 *(.hfuse)
 *(.efuse)

.lock
 *(.lock*)

.signature
 *(.signature*)

.stab
 *(.stab)

.stabstr
 *(.stabstr)

.stab.excl
 *(.stab.excl)

.stab.exclstr
 *(.stab.exclstr)

.stab.index
 *(.stab.index)

.stab.indexstr
 *(.stab.indexstr)

.comment        0x0000000000000000       0x22
 *(.comment)
 .comment       0x0000000000000000       0x11 obj/main.o
                                         0x12 (size before relaxing)
 .comment       0x0000000000000011       0x12 obj/ili9341.o
 .comment       0x0000000000000011       0x12 obj/ili9341gfx.o
 .comment       0x0000000000000011       0x12 obj/grn_UART.o
 .comment       0x0000000000000011       0x12 obj/grn_TWI.o
 .comment       0x0000000000000011       0x11 /usr/lib/gcc/avr/9.1.0/../../../../avr/lib/avr5/libc.a(iob.o)
                                         0x12 (size before relaxing)
 .comment       0x0000000000000022       0x12 /usr/lib/gcc/avr/9.1.0/../../../../avr/lib/avr5/libc.a(printf.o)
 .comment       0x0000000000000022       0x12 /usr/lib/gcc/avr/9.1.0/../../../../avr/lib/avr5/libc.a(puts.o)
 .comment       0x0000000000000022       0x12 /usr/lib/gcc/avr/9.1.0/../../../../avr/lib/avr5/libc.a(vfprintf_std.o)
 .comment       0x0000000000000022       0x12 /usr/lib/gcc/avr/9.1.0/../../../../avr/lib/avr5/libc.a(fputc.o)

.note.gnu.avr.deviceinfo
                0x0000000000000000       0x40
 .note.gnu.avr.deviceinfo
                0x0000000000000000       0x40 /usr/lib/gcc/avr/9.1.0/../../../../avr/lib/avr5/crtatmega328p.o

.note.gnu.build-id
 *(.note.gnu.build-id)

.debug
 *(.debug)

.line
 *(.line)

.debug_srcinfo
 *(.debug_srcinfo)

.debug_sfnames
 *(.debug_sfnames)

.debug_aranges  0x0000000000000000       0xa8
 *(.debug_aranges)
 .debug_aranges
                0x0000000000000000       0x28 obj/main.o
 .debug_aranges
                0x0000000000000028       0x20 obj/ili9341.o
 .debug_aranges
                0x0000000000000048       0x20 obj/ili9341gfx.o
 .debug_aranges
                0x0000000000000068       0x20 obj/grn_UART.o
 .debug_aranges
                0x0000000000000088       0x20 obj/grn_TWI.o

.debug_pubnames
 *(.debug_pubnames)

.debug_info     0x0000000000000000     0x5ba8
 *(.debug_info .gnu.linkonce.wi.*)
 .debug_info    0x0000000000000000      0x5f4 /usr/lib/gcc/avr/9.1.0/../../../../avr/lib/avr5/crtatmega328p.o
 .debug_info    0x00000000000005f4     0x157f obj/main.o
 .debug_info    0x0000000000001b73     0x2418 obj/ili9341.o
 .debug_info    0x0000000000003f8b     0x153a obj/ili9341gfx.o
 .debug_info    0x00000000000054c5      0x4af obj/grn_UART.o
 .debug_info    0x0000000000005974      0x234 obj/grn_TWI.o

.debug_abbrev   0x0000000000000000     0x132a
 *(.debug_abbrev)
 .debug_abbrev  0x0000000000000000      0x5a2 /usr/lib/gcc/avr/9.1.0/../../../../avr/lib/avr5/crtatmega328p.o
 .debug_abbrev  0x00000000000005a2      0x3f6 obj/main.o
 .debug_abbrev  0x0000000000000998      0x306 obj/ili9341.o
 .debug_abbrev  0x0000000000000c9e      0x333 obj/ili9341gfx.o
 .debug_abbrev  0x0000000000000fd1      0x1f0 obj/grn_UART.o
 .debug_abbrev  0x00000000000011c1      0x169 obj/grn_TWI.o

.debug_line     0x0000000000000000     0x4a02
 *(.debug_line .debug_line.* .debug_line_end)
 .debug_line    0x0000000000000000       0x1d /usr/lib/gcc/avr/9.1.0/../../../../avr/lib/avr5/crtatmega328p.o
 .debug_line    0x000000000000001d     0x18df obj/main.o
 .debug_line    0x00000000000018fc     0x183f obj/ili9341.o
 .debug_line    0x000000000000313b     0x1425 obj/ili9341gfx.o
 .debug_line    0x0000000000004560      0x219 obj/grn_UART.o
 .debug_line    0x0000000000004779      0x289 obj/grn_TWI.o

.debug_frame    0x0000000000000000      0xc64
 *(.debug_frame)
 .debug_frame   0x0000000000000000      0x288 obj/main.o
 .debug_frame   0x0000000000000288      0x6fc obj/ili9341.o
 .debug_frame   0x0000000000000984      0x1d4 obj/ili9341gfx.o
 .debug_frame   0x0000000000000b58       0x88 obj/grn_UART.o
 .debug_frame   0x0000000000000be0       0x84 obj/grn_TWI.o

.debug_str      0x0000000000000000      0xb2d
 *(.debug_str)
 .debug_str     0x0000000000000000      0x208 /usr/lib/gcc/avr/9.1.0/../../../../avr/lib/avr5/crtatmega328p.o
 .debug_str     0x0000000000000208      0x504 obj/main.o
                                        0x571 (size before relaxing)
 .debug_str     0x000000000000070c      0x266 obj/ili9341.o
                                        0x454 (size before relaxing)
 .debug_str     0x0000000000000972       0xdc obj/ili9341gfx.o
                                        0x389 (size before relaxing)
 .debug_str     0x0000000000000a4e       0xc3 obj/grn_UART.o
                                        0x237 (size before relaxing)
 .debug_str     0x0000000000000b11       0x1c obj/grn_TWI.o
                                        0x1b8 (size before relaxing)

.debug_loc      0x0000000000000000     0x5336
 *(.debug_loc)
 .debug_loc     0x0000000000000000      0xfdb obj/main.o
 .debug_loc     0x0000000000000fdb     0x2e2e obj/ili9341.o
 .debug_loc     0x0000000000003e09     0x12a5 obj/ili9341gfx.o
 .debug_loc     0x00000000000050ae      0x22e obj/grn_UART.o
 .debug_loc     0x00000000000052dc       0x5a obj/grn_TWI.o

.debug_macinfo
 *(.debug_macinfo)

.debug_weaknames
 *(.debug_weaknames)

.debug_funcnames
 *(.debug_funcnames)

.debug_typenames
 *(.debug_typenames)

.debug_varnames
 *(.debug_varnames)

.debug_pubtypes
 *(.debug_pubtypes)

.debug_ranges   0x0000000000000000      0x118
 *(.debug_ranges)
 .debug_ranges  0x0000000000000000       0x30 obj/main.o
 .debug_ranges  0x0000000000000030       0x48 obj/ili9341.o
 .debug_ranges  0x0000000000000078       0x70 obj/ili9341gfx.o
 .debug_ranges  0x00000000000000e8       0x30 obj/grn_UART.o

.debug_macro
 *(.debug_macro)

.debug_addr
 *(.debug_addr)
OUTPUT(main.elf elf32-avr)
LOAD linker stubs

Cross Reference Table

Symbol                                            File
COLOR                                             obj/main.o
DPS310_get_pres                                   obj/main.o
DPS310_get_sc_temp                                obj/main.o
DPS310_get_temp                                   obj/main.o
DPS310_init                                       obj/main.o
DPS310_read                                       obj/main.o
DPS310_readCoeffs                                 obj/main.o
DPS310_sreset                                     obj/main.o
DPS310_write                                      obj/main.o
LCD_H                                             obj/ili9341.o
                                                  obj/ili9341gfx.o
LCD_W                                             obj/ili9341.o
                                                  obj/ili9341gfx.o
Pressure                                          obj/main.o
TWIGetStatus                                      obj/grn_TWI.o
                                                  obj/main.o
TWIInit                                           obj/grn_TWI.o
                                                  obj/main.o
TWIReadACK                                        obj/grn_TWI.o
TWIReadNACK                                       obj/grn_TWI.o
                                                  obj/main.o
TWIStart                                          obj/grn_TWI.o
                                                  obj/main.o
TWIStop                                           obj/grn_TWI.o
                                                  obj/main.o
TWIWrite                                          obj/grn_TWI.o
                                                  obj/main.o
Temperature                                       obj/main.o
__addsf3                                          /usr/lib/gcc/avr/9.1.0/../../../../avr/lib/avr5/libm.a(addsf3.o)
                                                  /usr/lib/gcc/avr/9.1.0/../../../../avr/lib/avr5/libm.a(log.o)
                                                  obj/main.o
__addsf3x                                         /usr/lib/gcc/avr/9.1.0/../../../../avr/lib/avr5/libm.a(addsf3x.o)
                                                  /usr/lib/gcc/avr/9.1.0/../../../../avr/lib/avr5/libm.a(log.o)
                                                  /usr/lib/gcc/avr/9.1.0/../../../../avr/lib/avr5/libm.a(fp_powser.o)
                                                  /usr/lib/gcc/avr/9.1.0/../../../../avr/lib/avr5/libm.a(addsf3.o)
__bad_interrupt                                   /usr/lib/gcc/avr/9.1.0/../../../../avr/lib/avr5/crtatmega328p.o
__bss_end                                         /usr/lib/gcc/avr/9.1.0/avr5/libgcc.a(_clear_bss.o)
__bss_start                                       /usr/lib/gcc/avr/9.1.0/avr5/libgcc.a(_clear_bss.o)
__data_end                                        /usr/lib/gcc/avr/9.1.0/avr5/libgcc.a(_copy_data.o)
__data_load_start                                 /usr/lib/gcc/avr/9.1.0/avr5/libgcc.a(_copy_data.o)
__data_start                                      /usr/lib/gcc/avr/9.1.0/avr5/libgcc.a(_copy_data.o)
__divsf3                                          /usr/lib/gcc/avr/9.1.0/../../../../avr/lib/avr5/libm.a(divsf3.o)
                                                  /usr/lib/gcc/avr/9.1.0/../../../../avr/lib/avr5/libm.a(inverse.o)
                                                  obj/main.o
__divsf3_pse                                      /usr/lib/gcc/avr/9.1.0/../../../../avr/lib/avr5/libm.a(divsf3x.o)
__divsf3x                                         /usr/lib/gcc/avr/9.1.0/../../../../avr/lib/avr5/libm.a(divsf3x.o)
                                                  /usr/lib/gcc/avr/9.1.0/../../../../avr/lib/avr5/libm.a(divsf3.o)
__do_clear_bss                                    /usr/lib/gcc/avr/9.1.0/avr5/libgcc.a(_clear_bss.o)
                                                  /usr/lib/gcc/avr/9.1.0/../../../../avr/lib/avr5/libc.a(iob.o)
                                                  obj/ili9341gfx.o
                                                  obj/main.o
__do_copy_data                                    /usr/lib/gcc/avr/9.1.0/avr5/libgcc.a(_copy_data.o)
                                                  obj/ili9341gfx.o
                                                  obj/ili9341.o
                                                  obj/main.o
__epilogue_restores__                             /usr/lib/gcc/avr/9.1.0/avr5/libgcc.a(_epilogue.o)
                                                  /usr/lib/gcc/avr/9.1.0/../../../../avr/lib/avr5/libc.a(vfprintf_std.o)
                                                  /usr/lib/gcc/avr/9.1.0/../../../../avr/lib/avr5/libc.a(printf.o)
__fixsfsi                                         /usr/lib/gcc/avr/9.1.0/../../../../avr/lib/avr5/libm.a(fixsfsi.o)
                                                  obj/main.o
__fixunssfsi                                      /usr/lib/gcc/avr/9.1.0/../../../../avr/lib/avr5/libm.a(fixunssfsi.o)
                                                  /usr/lib/gcc/avr/9.1.0/../../../../avr/lib/avr5/libm.a(fixsfsi.o)
__floatsisf                                       /usr/lib/gcc/avr/9.1.0/../../../../avr/lib/avr5/libm.a(floatsisf.o)
                                                  /usr/lib/gcc/avr/9.1.0/../../../../avr/lib/avr5/libm.a(log.o)
                                                  obj/main.o
__floatunsisf                                     /usr/lib/gcc/avr/9.1.0/../../../../avr/lib/avr5/libm.a(floatsisf.o)
                                                  obj/main.o
__fp_inf                                          /usr/lib/gcc/avr/9.1.0/../../../../avr/lib/avr5/libm.a(fp_inf.o)
                                                  /usr/lib/gcc/avr/9.1.0/../../../../avr/lib/avr5/libm.a(log.o)
                                                  /usr/lib/gcc/avr/9.1.0/../../../../avr/lib/avr5/libm.a(ldexp.o)
                                                  /usr/lib/gcc/avr/9.1.0/../../../../avr/lib/avr5/libm.a(exp.o)
                                                  /usr/lib/gcc/avr/9.1.0/../../../../avr/lib/avr5/libm.a(mulsf3x.o)
                                                  /usr/lib/gcc/avr/9.1.0/../../../../avr/lib/avr5/libm.a(divsf3x.o)
                                                  /usr/lib/gcc/avr/9.1.0/../../../../avr/lib/avr5/libm.a(addsf3x.o)
__fp_mpack                                        /usr/lib/gcc/avr/9.1.0/../../../../avr/lib/avr5/libm.a(fp_mpack.o)
                                                  /usr/lib/gcc/avr/9.1.0/../../../../avr/lib/avr5/libm.a(log.o)
                                                  /usr/lib/gcc/avr/9.1.0/../../../../avr/lib/avr5/libm.a(ldexp.o)
__fp_mpack_finite                                 /usr/lib/gcc/avr/9.1.0/../../../../avr/lib/avr5/libm.a(fp_mpack.o)
__fp_nan                                          /usr/lib/gcc/avr/9.1.0/../../../../avr/lib/avr5/libm.a(fp_nan.o)
                                                  /usr/lib/gcc/avr/9.1.0/../../../../avr/lib/avr5/libm.a(log.o)
                                                  /usr/lib/gcc/avr/9.1.0/../../../../avr/lib/avr5/libm.a(exp.o)
                                                  /usr/lib/gcc/avr/9.1.0/../../../../avr/lib/avr5/libm.a(pow.o)
                                                  /usr/lib/gcc/avr/9.1.0/../../../../avr/lib/avr5/libm.a(mulsf3x.o)
                                                  /usr/lib/gcc/avr/9.1.0/../../../../avr/lib/avr5/libm.a(divsf3x.o)
                                                  /usr/lib/gcc/avr/9.1.0/../../../../avr/lib/avr5/libm.a(addsf3x.o)
__fp_powser                                       /usr/lib/gcc/avr/9.1.0/../../../../avr/lib/avr5/libm.a(fp_powser.o)
                                                  /usr/lib/gcc/avr/9.1.0/../../../../avr/lib/avr5/libm.a(log.o)
                                                  /usr/lib/gcc/avr/9.1.0/../../../../avr/lib/avr5/libm.a(exp.o)
__fp_pscA                                         /usr/lib/gcc/avr/9.1.0/../../../../avr/lib/avr5/libm.a(fp_pscA.o)
                                                  /usr/lib/gcc/avr/9.1.0/../../../../avr/lib/avr5/libm.a(mulsf3x.o)
                                                  /usr/lib/gcc/avr/9.1.0/../../../../avr/lib/avr5/libm.a(divsf3x.o)
                                                  /usr/lib/gcc/avr/9.1.0/../../../../avr/lib/avr5/libm.a(addsf3x.o)
__fp_pscB                                         /usr/lib/gcc/avr/9.1.0/../../../../avr/lib/avr5/libm.a(fp_pscB.o)
                                                  /usr/lib/gcc/avr/9.1.0/../../../../avr/lib/avr5/libm.a(mulsf3x.o)
                                                  /usr/lib/gcc/avr/9.1.0/../../../../avr/lib/avr5/libm.a(divsf3x.o)
                                                  /usr/lib/gcc/avr/9.1.0/../../../../avr/lib/avr5/libm.a(addsf3x.o)
__fp_round                                        /usr/lib/gcc/avr/9.1.0/../../../../avr/lib/avr5/libm.a(fp_round.o)
                                                  /usr/lib/gcc/avr/9.1.0/../../../../avr/lib/avr5/libm.a(log.o)
                                                  /usr/lib/gcc/avr/9.1.0/../../../../avr/lib/avr5/libm.a(mulsf3.o)
                                                  /usr/lib/gcc/avr/9.1.0/../../../../avr/lib/avr5/libm.a(divsf3.o)
                                                  /usr/lib/gcc/avr/9.1.0/../../../../avr/lib/avr5/libm.a(addsf3.o)
__fp_split3                                       /usr/lib/gcc/avr/9.1.0/../../../../avr/lib/avr5/libm.a(fp_split3.o)
                                                  /usr/lib/gcc/avr/9.1.0/../../../../avr/lib/avr5/libm.a(mulsf3x.o)
                                                  /usr/lib/gcc/avr/9.1.0/../../../../avr/lib/avr5/libm.a(divsf3x.o)
                                                  /usr/lib/gcc/avr/9.1.0/../../../../avr/lib/avr5/libm.a(addsf3x.o)
__fp_splitA                                       /usr/lib/gcc/avr/9.1.0/../../../../avr/lib/avr5/libm.a(fp_split3.o)
                                                  /usr/lib/gcc/avr/9.1.0/../../../../avr/lib/avr5/libm.a(log.o)
                                                  /usr/lib/gcc/avr/9.1.0/../../../../avr/lib/avr5/libm.a(ldexp.o)
                                                  /usr/lib/gcc/avr/9.1.0/../../../../avr/lib/avr5/libm.a(exp.o)
                                                  /usr/lib/gcc/avr/9.1.0/../../../../avr/lib/avr5/libm.a(fixunssfsi.o)
__fp_szero                                        /usr/lib/gcc/avr/9.1.0/../../../../avr/lib/avr5/libm.a(fp_zero.o)
                                                  /usr/lib/gcc/avr/9.1.0/../../../../avr/lib/avr5/libm.a(ldexp.o)
                                                  /usr/lib/gcc/avr/9.1.0/../../../../avr/lib/avr5/libm.a(mulsf3x.o)
                                                  /usr/lib/gcc/avr/9.1.0/../../../../avr/lib/avr5/libm.a(fixsfsi.o)
                                                  /usr/lib/gcc/avr/9.1.0/../../../../avr/lib/avr5/libm.a(divsf3x.o)
__fp_zero                                         /usr/lib/gcc/avr/9.1.0/../../../../avr/lib/avr5/libm.a(fp_zero.o)
                                                  /usr/lib/gcc/avr/9.1.0/../../../../avr/lib/avr5/libm.a(exp.o)
                                                  /usr/lib/gcc/avr/9.1.0/../../../../avr/lib/avr5/libm.a(fixunssfsi.o)
                                                  /usr/lib/gcc/avr/9.1.0/../../../../avr/lib/avr5/libm.a(addsf3x.o)
__heap_end                                        /usr/lib/gcc/avr/9.1.0/../../../../avr/lib/avr5/crtatmega328p.o
__init                                            /usr/lib/gcc/avr/9.1.0/../../../../avr/lib/avr5/crtatmega328p.o
__iob                                             /usr/lib/gcc/avr/9.1.0/../../../../avr/lib/avr5/libc.a(iob.o)
                                                  /usr/lib/gcc/avr/9.1.0/../../../../avr/lib/avr5/libc.a(puts.o)
                                                  /usr/lib/gcc/avr/9.1.0/../../../../avr/lib/avr5/libc.a(printf.o)
                                                  obj/ili9341gfx.o
                                                  obj/main.o
__itoa_ncheck                                     /usr/lib/gcc/avr/9.1.0/../../../../avr/lib/avr5/libc.a(itoa_ncheck.o)
                                                  obj/grn_UART.o
__mulsf3                                          /usr/lib/gcc/avr/9.1.0/../../../../avr/lib/avr5/libm.a(mulsf3.o)
                                                  /usr/lib/gcc/avr/9.1.0/../../../../avr/lib/avr5/libm.a(pow.o)
                                                  obj/main.o
__mulsf3_pse                                      /usr/lib/gcc/avr/9.1.0/../../../../avr/lib/avr5/libm.a(mulsf3x.o)
                                                  /usr/lib/gcc/avr/9.1.0/../../../../avr/lib/avr5/libm.a(exp.o)
__mulsf3x                                         /usr/lib/gcc/avr/9.1.0/../../../../avr/lib/avr5/libm.a(mulsf3x.o)
                                                  /usr/lib/gcc/avr/9.1.0/../../../../avr/lib/avr5/libm.a(log.o)
                                                  /usr/lib/gcc/avr/9.1.0/../../../../avr/lib/avr5/libm.a(fp_powser.o)
                                                  /usr/lib/gcc/avr/9.1.0/../../../../avr/lib/avr5/libm.a(mulsf3.o)
__prologue_saves__                                /usr/lib/gcc/avr/9.1.0/avr5/libgcc.a(_prologue.o)
                                                  /usr/lib/gcc/avr/9.1.0/../../../../avr/lib/avr5/libc.a(vfprintf_std.o)
                                                  /usr/lib/gcc/avr/9.1.0/../../../../avr/lib/avr5/libc.a(printf.o)
__stack                                           /usr/lib/gcc/avr/9.1.0/../../../../avr/lib/avr5/crtatmega328p.o
__subsf3                                          /usr/lib/gcc/avr/9.1.0/../../../../avr/lib/avr5/libm.a(addsf3.o)
                                                  /usr/lib/gcc/avr/9.1.0/../../../../avr/lib/avr5/libm.a(modf.o)
                                                  obj/main.o
__udivmodsi4                                      /usr/lib/gcc/avr/9.1.0/avr5/libgcc.a(_udivmodsi4.o)
                                                  obj/main.o
__ultoa_invert                                    /usr/lib/gcc/avr/9.1.0/../../../../avr/lib/avr5/libc.a(ultoa_invert.o)
                                                  /usr/lib/gcc/avr/9.1.0/../../../../avr/lib/avr5/libc.a(vfprintf_std.o)
__utoa_common                                     /usr/lib/gcc/avr/9.1.0/../../../../avr/lib/avr5/libc.a(utoa_ncheck.o)
                                                  /usr/lib/gcc/avr/9.1.0/../../../../avr/lib/avr5/libc.a(itoa_ncheck.o)
__utoa_ncheck                                     /usr/lib/gcc/avr/9.1.0/../../../../avr/lib/avr5/libc.a(utoa_ncheck.o)
                                                  obj/grn_UART.o
__vector_1                                        /usr/lib/gcc/avr/9.1.0/../../../../avr/lib/avr5/crtatmega328p.o
__vector_10                                       /usr/lib/gcc/avr/9.1.0/../../../../avr/lib/avr5/crtatmega328p.o
__vector_11                                       obj/main.o
                                                  /usr/lib/gcc/avr/9.1.0/../../../../avr/lib/avr5/crtatmega328p.o
__vector_12                                       /usr/lib/gcc/avr/9.1.0/../../../../avr/lib/avr5/crtatmega328p.o
__vector_13                                       /usr/lib/gcc/avr/9.1.0/../../../../avr/lib/avr5/crtatmega328p.o
__vector_14                                       /usr/lib/gcc/avr/9.1.0/../../../../avr/lib/avr5/crtatmega328p.o
__vector_15                                       /usr/lib/gcc/avr/9.1.0/../../../../avr/lib/avr5/crtatmega328p.o
__vector_16                                       /usr/lib/gcc/avr/9.1.0/../../../../avr/lib/avr5/crtatmega328p.o
__vector_17                                       /usr/lib/gcc/avr/9.1.0/../../../../avr/lib/avr5/crtatmega328p.o
__vector_18                                       /usr/lib/gcc/avr/9.1.0/../../../../avr/lib/avr5/crtatmega328p.o
__vector_19                                       /usr/lib/gcc/avr/9.1.0/../../../../avr/lib/avr5/crtatmega328p.o
__vector_2                                        /usr/lib/gcc/avr/9.1.0/../../../../avr/lib/avr5/crtatmega328p.o
__vector_20                                       /usr/lib/gcc/avr/9.1.0/../../../../avr/lib/avr5/crtatmega328p.o
__vector_21                                       /usr/lib/gcc/avr/9.1.0/../../../../avr/lib/avr5/crtatmega328p.o
__vector_22                                       /usr/lib/gcc/avr/9.1.0/../../../../avr/lib/avr5/crtatmega328p.o
__vector_23                                       /usr/lib/gcc/avr/9.1.0/../../../../avr/lib/avr5/crtatmega328p.o
__vector_24                                       /usr/lib/gcc/avr/9.1.0/../../../../avr/lib/avr5/crtatmega328p.o
__vector_25                                       /usr/lib/gcc/avr/9.1.0/../../../../avr/lib/avr5/crtatmega328p.o
__vector_3                                        /usr/lib/gcc/avr/9.1.0/../../../../avr/lib/avr5/crtatmega328p.o
__vector_4                                        /usr/lib/gcc/avr/9.1.0/../../../../avr/lib/avr5/crtatmega328p.o
__vector_5                                        /usr/lib/gcc/avr/9.1.0/../../../../avr/lib/avr5/crtatmega328p.o
__vector_6                                        /usr/lib/gcc/avr/9.1.0/../../../../avr/lib/avr5/crtatmega328p.o
__vector_7                                        /usr/lib/gcc/avr/9.1.0/../../../../avr/lib/avr5/crtatmega328p.o
__vector_8                                        /usr/lib/gcc/avr/9.1.0/../../../../avr/lib/avr5/crtatmega328p.o
__vector_9                                        /usr/lib/gcc/avr/9.1.0/../../../../avr/lib/avr5/crtatmega328p.o
__vector_default                                  /usr/lib/gcc/avr/9.1.0/../../../../avr/lib/avr5/crtatmega328p.o
__vectors                                         /usr/lib/gcc/avr/9.1.0/../../../../avr/lib/avr5/crtatmega328p.o
_exit                                             /usr/lib/gcc/avr/9.1.0/avr5/libgcc.a(_exit.o)
_height                                           obj/ili9341.o
_width                                            obj/ili9341.o
altitude                                          obj/main.o
backuplocationiactual                             obj/ili9341gfx.o
backuplocationiset                                obj/ili9341gfx.o
backuplocationvactual                             obj/ili9341gfx.o
backuplocationvset                                obj/ili9341gfx.o
bit                                               obj/main.o
buff                                              obj/main.o
buffer                                            obj/main.o
calcalt                                           obj/main.o
color                                             obj/main.o
cursor_x                                          obj/ili9341gfx.o
cursor_y                                          obj/ili9341gfx.o
display_init                                      obj/ili9341gfx.o
entprell                                          obj/main.o
error                                             obj/main.o
exit                                              /usr/lib/gcc/avr/9.1.0/avr5/libgcc.a(_exit.o)
                                                  /usr/lib/gcc/avr/9.1.0/../../../../avr/lib/avr5/crtatmega328p.o
exp                                               /usr/lib/gcc/avr/9.1.0/../../../../avr/lib/avr5/libm.a(exp.o)
                                                  /usr/lib/gcc/avr/9.1.0/../../../../avr/lib/avr5/libm.a(pow.o)
fputc                                             /usr/lib/gcc/avr/9.1.0/../../../../avr/lib/avr5/libc.a(fputc.o)
                                                  /usr/lib/gcc/avr/9.1.0/../../../../avr/lib/avr5/libc.a(vfprintf_std.o)
graph                                             obj/main.o
iactualx                                          obj/ili9341gfx.o
iactualy                                          obj/ili9341gfx.o
id                                                obj/main.o
ili9341_clear                                     obj/ili9341.o
                                                  obj/main.o
ili9341_drawBitmap                                obj/ili9341.o
ili9341_drawCircle                                obj/ili9341.o
ili9341_drawCircleHelper                          obj/ili9341.o
ili9341_drawFastHLine                             obj/ili9341.o
ili9341_drawFastVLine                             obj/ili9341.o
ili9341_drawLine                                  obj/ili9341.o
                                                  obj/main.o
ili9341_drawRect                                  obj/ili9341.o
ili9341_drawRoundRect                             obj/ili9341.o
ili9341_drawXBitmap                               obj/ili9341.o
ili9341_drawchar                                  obj/ili9341gfx.o
ili9341_drawhline                                 obj/ili9341.o
ili9341_drawpixel                                 obj/ili9341.o
                                                  obj/ili9341gfx.o
ili9341_drawvline                                 obj/ili9341.o
ili9341_fillCircle                                obj/ili9341.o
ili9341_fillCircleHelper                          obj/ili9341.o
ili9341_fillRect                                  obj/ili9341.o
ili9341_fillRoundRect                             obj/ili9341.o
ili9341_fillrect                                  obj/ili9341.o
                                                  obj/ili9341gfx.o
ili9341_hard_init                                 obj/ili9341.o
ili9341_hard_reset                                obj/ili9341.o
ili9341_init                                      obj/ili9341.o
                                                  obj/main.o
ili9341_pushcolour                                obj/ili9341.o
ili9341_putchar_printf                            obj/ili9341gfx.o
                                                  obj/main.o
ili9341_setRotation                               obj/ili9341.o
                                                  obj/main.o
ili9341_setaddress                                obj/ili9341.o
ili9341_setcursor                                 obj/ili9341gfx.o
                                                  obj/main.o
ili9341_settextcolour                             obj/ili9341gfx.o
                                                  obj/main.o
ili9341_settextsize                               obj/ili9341gfx.o
                                                  obj/main.o
ili9341_spi_init                                  obj/ili9341.o
ili9341_spi_send                                  obj/ili9341.o
ili9341_write                                     obj/ili9341gfx.o
ili9341_writecommand8                             obj/ili9341.o
ili9341_writedata8                                obj/ili9341.o
init_ili9341                                      obj/main.o
inverse                                           /usr/lib/gcc/avr/9.1.0/../../../../avr/lib/avr5/libm.a(inverse.o)
                                                  /usr/lib/gcc/avr/9.1.0/../../../../avr/lib/avr5/libm.a(exp.o)
isetx                                             obj/ili9341gfx.o
isety                                             obj/ili9341gfx.o
ldexp                                             /usr/lib/gcc/avr/9.1.0/../../../../avr/lib/avr5/libm.a(ldexp.o)
                                                  /usr/lib/gcc/avr/9.1.0/../../../../avr/lib/avr5/libm.a(exp.o)
log                                               /usr/lib/gcc/avr/9.1.0/../../../../avr/lib/avr5/libm.a(log.o)
                                                  /usr/lib/gcc/avr/9.1.0/../../../../avr/lib/avr5/libm.a(pow.o)
log_pos                                           obj/main.o
m_C0                                              obj/main.o
m_C00                                             obj/main.o
m_C01                                             obj/main.o
m_C1                                              obj/main.o
m_C10                                             obj/main.o
m_C11                                             obj/main.o
m_C20                                             obj/main.o
m_C21                                             obj/main.o
m_C30                                             obj/main.o
main                                              obj/main.o
                                                  /usr/lib/gcc/avr/9.1.0/../../../../avr/lib/avr5/crtatmega328p.o
meas                                              obj/main.o
messung                                           obj/main.o
min                                               obj/main.o
modf                                              /usr/lib/gcc/avr/9.1.0/../../../../avr/lib/avr5/libm.a(modf.o)
                                                  /usr/lib/gcc/avr/9.1.0/../../../../avr/lib/avr5/libm.a(exp.o)
modff                                             /usr/lib/gcc/avr/9.1.0/../../../../avr/lib/avr5/libm.a(modf.o)
ms                                                obj/main.o
ms10                                              obj/main.o
ms100                                             obj/main.o
nach_komma                                        obj/main.o
posx                                              obj/main.o
posy                                              obj/main.o
pow                                               /usr/lib/gcc/avr/9.1.0/../../../../avr/lib/avr5/libm.a(pow.o)
                                                  obj/main.o
pp                                                obj/main.o
pres_ovs                                          obj/main.o
printf                                            /usr/lib/gcc/avr/9.1.0/../../../../avr/lib/avr5/libc.a(printf.o)
                                                  obj/ili9341gfx.o
                                                  obj/main.o
puts                                              /usr/lib/gcc/avr/9.1.0/../../../../avr/lib/avr5/libc.a(puts.o)
                                                  obj/ili9341gfx.o
qnh                                               obj/main.o
rdy                                               obj/main.o
result                                            obj/main.o
sec                                               obj/main.o
state                                             obj/main.o
string                                            obj/main.o
strnlen                                           /usr/lib/gcc/avr/9.1.0/../../../../avr/lib/avr5/libc.a(strnlen.o)
                                                  /usr/lib/gcc/avr/9.1.0/../../../../avr/lib/avr5/libc.a(vfprintf_std.o)
strnlen_P                                         /usr/lib/gcc/avr/9.1.0/../../../../avr/lib/avr5/libc.a(strnlen_P.o)
                                                  /usr/lib/gcc/avr/9.1.0/../../../../avr/lib/avr5/libc.a(vfprintf_std.o)
strrev                                            /usr/lib/gcc/avr/9.1.0/../../../../avr/lib/avr5/libc.a(strrev.o)
                                                  /usr/lib/gcc/avr/9.1.0/../../../../avr/lib/avr5/libc.a(utoa_ncheck.o)
temp_ovs                                          obj/main.o
textbgcolour                                      obj/ili9341gfx.o
textcolour                                        obj/ili9341gfx.o
textsize                                          obj/ili9341gfx.o
tt                                                obj/main.o
uart_send_char                                    obj/grn_UART.o
uart_send_string                                  obj/grn_UART.o
uart_send_u16data                                 obj/grn_UART.o
uart_send_u8data                                  obj/grn_UART.o
vactualx                                          obj/ili9341gfx.o
vactualy                                          obj/ili9341gfx.o
value                                             obj/main.o
var_x                                             obj/main.o
vfprintf                                          /usr/lib/gcc/avr/9.1.0/../../../../avr/lib/avr5/libc.a(vfprintf_std.o)
                                                  /usr/lib/gcc/avr/9.1.0/../../../../avr/lib/avr5/libc.a(printf.o)
vor_komma                                         obj/main.o
vsetx                                             obj/ili9341gfx.o
vsety                                             obj/ili9341gfx.o
x                                                 obj/main.o
xpos                                              obj/main.o
xx                                                obj/main.o
yy                                                obj/main.o
zell                                              obj/main.o
